#! /usr/bin/vvp
:ivl_version "12.0 (stable)";
:ivl_delay_selection "TYPICAL";
:vpi_time_precision - 12;
:vpi_module "/usr/lib/x86_64-linux-gnu/ivl/system.vpi";
:vpi_module "/usr/lib/x86_64-linux-gnu/ivl/vhdl_sys.vpi";
:vpi_module "/usr/lib/x86_64-linux-gnu/ivl/vhdl_textio.vpi";
:vpi_module "/usr/lib/x86_64-linux-gnu/ivl/v2005_math.vpi";
:vpi_module "/usr/lib/x86_64-linux-gnu/ivl/va_math.vpi";
S_0x5c467181cd10 .scope module, "tb_good_latch" "tb_good_latch" 2 3;
 .timescale -9 -12;
v0x5c467182eea0_0 .var "clk", 0 0;
v0x5c467182ef60_0 .var "d", 0 0;
v0x5c467182f030_0 .net "q", 0 0, v0x5c467182ec60_0;  1 drivers
v0x5c467182f130_0 .var "reset", 0 0;
S_0x5c467181cea0 .scope module, "uut" "good_latch" 2 10, 3 1 0, S_0x5c467181cd10;
 .timescale 0 0;
    .port_info 0 /INPUT 1 "clk";
    .port_info 1 /INPUT 1 "reset";
    .port_info 2 /INPUT 1 "d";
    .port_info 3 /OUTPUT 1 "q";
v0x5c46717e3490_0 .net "clk", 0 0, v0x5c467182eea0_0;  1 drivers
v0x5c467182eba0_0 .net "d", 0 0, v0x5c467182ef60_0;  1 drivers
v0x5c467182ec60_0 .var "q", 0 0;
v0x5c467182ed30_0 .net "reset", 0 0, v0x5c467182f130_0;  1 drivers
E_0x5c46717e3d90 .event anyedge, v0x5c467182eba0_0, v0x5c467182ed30_0, v0x5c46717e3490_0;
    .scope S_0x5c467181cea0;
T_0 ;
    %wait E_0x5c46717e3d90;
    %load/vec4 v0x5c467182ed30_0;
    %flag_set/vec4 8;
    %jmp/0xz  T_0.0, 8;
    %pushi/vec4 0, 0, 1;
    %assign/vec4 v0x5c467182ec60_0, 0;
    %jmp T_0.1;
T_0.0 ;
    %load/vec4 v0x5c46717e3490_0;
    %flag_set/vec4 8;
    %jmp/0xz  T_0.2, 8;
    %load/vec4 v0x5c467182eba0_0;
    %assign/vec4 v0x5c467182ec60_0, 0;
T_0.2 ;
T_0.1 ;
    %jmp T_0;
    .thread T_0, $push;
    .scope S_0x5c467181cd10;
T_1 ;
    %vpi_call 2 18 "$dumpfile", "tb_good_latch.vcd" {0 0 0};
    %vpi_call 2 19 "$dumpvars", 32'sb00000000000000000000000000000000, S_0x5c467181cd10 {0 0 0};
    %pushi/vec4 0, 0, 1;
    %store/vec4 v0x5c467182eea0_0, 0, 1;
    %pushi/vec4 1, 0, 1;
    %store/vec4 v0x5c467182f130_0, 0, 1;
    %pushi/vec4 0, 0, 1;
    %store/vec4 v0x5c467182ef60_0, 0, 1;
    %delay 300000, 0;
    %vpi_call 2 24 "$finish" {0 0 0};
    %end;
    .thread T_1;
    .scope S_0x5c467181cd10;
T_2 ;
    %delay 20000, 0;
    %load/vec4 v0x5c467182eea0_0;
    %inv;
    %store/vec4 v0x5c467182eea0_0, 0, 1;
    %jmp T_2;
    .thread T_2;
    .scope S_0x5c467181cd10;
T_3 ;
    %delay 23000, 0;
    %load/vec4 v0x5c467182ef60_0;
    %inv;
    %store/vec4 v0x5c467182ef60_0, 0, 1;
    %jmp T_3;
    .thread T_3;
    .scope S_0x5c467181cd10;
T_4 ;
    %delay 15000, 0;
    %pushi/vec4 0, 0, 1;
    %store/vec4 v0x5c467182f130_0, 0, 1;
    %jmp T_4;
    .thread T_4;
# The file index is used to find the file name in the following table.
:file_names 4;
    "N/A";
    "<interactive>";
    "tb_good_latch.v";
    "good_latch.v";
